UPDATE_VIEW: SignDocumentsState(mobileNumber: Optional("+49 111 222 333"), state: IdentHubSDKQES.SignDocumentsState.State.requestingCode, newCodeRemainingTime: 0, transactionId: nil)
EVENT: requestNewCode()
SERVICE: StatusCheckServiceSpy.setupNewCodeTimer(callback:)
SERVICE: VerificationServiceSpy.authorizeDocuments(identificationUID: "someIdentId", completionHandler:)
API: /person_onboarding/sign_documents/someIdentId/authorize: OK
UPDATE_VIEW: SignDocumentsState(mobileNumber: Optional("+49 111 222 333"), state: IdentHubSDKQES.SignDocumentsState.State.requestingCode, newCodeRemainingTime: 0, transactionId: nil)
UPDATE_VIEW: SignDocumentsState(mobileNumber: Optional("+49 111 222 333"), state: IdentHubSDKQES.SignDocumentsState.State.requestingCode, newCodeRemainingTime: 2, transactionId: nil)
UPDATE_VIEW: SignDocumentsState(mobileNumber: Optional("+49 111 222 333"), state: IdentHubSDKQES.SignDocumentsState.State.codeAvailable, newCodeRemainingTime: 2, transactionId: Optional("Transaktions-ID: 1234-5678"))
UPDATE_VIEW: SignDocumentsState(mobileNumber: Optional("+49 111 222 333"), state: IdentHubSDKQES.SignDocumentsState.State.codeAvailable, newCodeRemainingTime: 1, transactionId: Optional("Transaktions-ID: 1234-5678"))
EVENT: submitCodeAndSign(_:)
SERVICE: StatusCheckServiceSpy.invalidateNewCodeTimer()
SERVICE: VerificationServiceSpy.verifyDocumentsTAN(identificationUID: "someIdentId", token: "1234-5678", completionHandler:)
API: /person_onboarding/sign_documents/someIdentId/confirm: ResponseError â€“ internalServerError (HTTP Code:  Reason: )
SERVICE: StatusCheckServiceSpy.invalidateNewCodeTimer()
UPDATE_VIEW: SignDocumentsState(mobileNumber: Optional("+49 111 222 333"), state: IdentHubSDKQES.SignDocumentsState.State.verifyingCode, newCodeRemainingTime: 0, transactionId: Optional("Transaktions-ID: 1234-5678"))
UPDATE_VIEW: SignDocumentsState(mobileNumber: Optional("+49 111 222 333"), state: IdentHubSDKQES.SignDocumentsState.State.codeInvalid, newCodeRemainingTime: 0, transactionId: Optional("Transaktions-ID: 1234-5678"))
