SERVICE: ShowableFactoryMock.makeSignDocumentsShowable(input: "SignDocumentsInput(identificationUID: "uid", mobileNumber: Optional("+49 111 222 333"))", callback:)
SERVICE: ShowableFactoryMock.makeSignDocumentsShowable.callback(success(IdentHubSDKQES.SignDocumentsOutput.identificationConfirmed(token: "XXX")))
