SERVICE: ShowableFactoryMock.makeConfirmApplicationShowable(input: "ConfirmApplicationInput(identificationUID: "uid")", callback:)
SERVICE: ShowableFactoryMock.makeConfirmApplicationShowable.callback(quit)
UI: AlertsServiceMock.presentQuitAlert(callback:)
UI: AlertsServiceMock.presentQuitAlert.callback(true)
