ACTION: ConfirmApplicationAction.perform(ConfirmApplicationActionInput(identificationUID: "uid"))
ACTION: ConfirmApplicationAction.callback((result: IdentHubSDKQES.ConfirmApplicationActionOutput.previewDocument(url: about), isFinished: false))
ACTION: PreviewDocumentsAction.perform(about)
ACTION: PreviewDocumentsAction.callback((result: true, isFinished: true))
ACTION: ConfirmApplicationAction.callback((result: IdentHubSDKQES.ConfirmApplicationActionOutput.downloadDocument(url: about), isFinished: false))
ACTION: DownloadDocumentsAction.perform(about)
ACTION: DownloadDocumentsAction.callback((result: true, isFinished: true))
ACTION: ConfirmApplicationAction.callback((result: IdentHubSDKQES.ConfirmApplicationActionOutput.quit, isFinished: false))
ACTION: Quit.perform(())
ACTION: Quit.callback((result: false, isFinished: true))
ACTION: ConfirmApplicationAction.callback((result: IdentHubSDKQES.ConfirmApplicationActionOutput.confirmedApplication, isFinished: true))
ACTION: SignDocumentsAction.perform(SignDocumentsActionInput(identificationUID: "uid", mobileNumber: Optional("+49 111 222 333")))
ACTION: SignDocumentsAction.callback((result: Swift.Result<IdentHubSDKQES.SignDocumentsActionOutput, IdentHubSDKCore.APIError>.success(IdentHubSDKQES.SignDocumentsActionOutput.identificationConfirmed(token: "XXX")), isFinished: true))
