SERVICE: VerificationServiceSpy.getMobileNumber(completionHandler:)
API: /person_onboarding/mobile_number: ResponseError â€“ internalServerError (HTTP Code:  Reason: )
UPDATE_VIEW: SignDocumentsState(mobileNumber: nil, state: IdentHubSDKQES.SignDocumentsState.State.requestingCode, newCodeRemainingTime: 0, transactionId: nil)
EVENT: requestNewCode
SERVICE: StatusCheckServiceSpy.setupNewCodeTimer(callback:)
SERVICE: VerificationServiceSpy.authorizeDocuments(identificationUID: "someIdentId", completionHandler:)
API: /person_onboarding/sign_documents/someIdentId/authorize: OK
UPDATE_VIEW: SignDocumentsState(mobileNumber: nil, state: IdentHubSDKQES.SignDocumentsState.State.requestingCode, newCodeRemainingTime: 0, transactionId: nil)
UPDATE_VIEW: SignDocumentsState(mobileNumber: nil, state: IdentHubSDKQES.SignDocumentsState.State.requestingCode, newCodeRemainingTime: 2, transactionId: nil)
UPDATE_VIEW: SignDocumentsState(mobileNumber: nil, state: IdentHubSDKQES.SignDocumentsState.State.codeAvailable, newCodeRemainingTime: 2, transactionId: Optional("Transaktions-ID: 1234-5678"))
UPDATE_VIEW: SignDocumentsState(mobileNumber: nil, state: IdentHubSDKQES.SignDocumentsState.State.codeAvailable, newCodeRemainingTime: 1, transactionId: Optional("Transaktions-ID: 1234-5678"))
EVENT: submitCodeAndSign("1234-5678")
SERVICE: StatusCheckServiceSpy.invalidateNewCodeTimer()
SERVICE: VerificationServiceSpy.verifyDocumentsTAN(identificationUID: "someIdentId", token: "1234-5678", completionHandler:)
API: /person_onboarding/sign_documents/someIdentId/confirm: OK
UPDATE_VIEW: SignDocumentsState(mobileNumber: nil, state: IdentHubSDKQES.SignDocumentsState.State.verifyingCode, newCodeRemainingTime: 0, transactionId: Optional("Transaktions-ID: 1234-5678"))
UPDATE_VIEW: SignDocumentsState(mobileNumber: nil, state: IdentHubSDKQES.SignDocumentsState.State.processingIdentfication, newCodeRemainingTime: 0, transactionId: Optional("Transaktions-ID: 1234-5678"))
SERVICE: StatusCheckServiceSpy.setupStatusVerificationTimer(identificationUID: "someIdentId", callback:)
SERVICE: VerificationServiceSpy.getIdentification(for: "someIdentId", completionHandler:)
API: /person_onboarding/identifications/someIdentId: OK
UPDATE_VIEW: SignDocumentsState(mobileNumber: nil, state: IdentHubSDKQES.SignDocumentsState.State.identificationSuccessful, newCodeRemainingTime: 0, transactionId: Optional("Transaktions-ID: 1234-5678"))
