UPDATE_VIEW: SignDocumentsState(mobileNumber: Optional("+49 111 222 333"), state: IdentHubSDKQES.SignDocumentsState.State.requestingCode, newCodeRemainingTime: 0, transactionId: nil)
EVENT: requestNewCode
SERVICE: StatusCheckServiceSpy.setupNewCodeTimer(callback:)
SERVICE: VerificationServiceSpy.authorizeDocuments(identificationUID: "someIdentId", completionHandler:)
API: /person_onboarding/sign_documents/someIdentId/authorize: ResponseError â€“ internalServerError (HTTP Code:  Reason: )
SERVICE: StatusCheckServiceSpy.invalidateNewCodeTimer()
UPDATE_VIEW: SignDocumentsState(mobileNumber: Optional("+49 111 222 333"), state: IdentHubSDKQES.SignDocumentsState.State.requestingCode, newCodeRemainingTime: 0, transactionId: nil)
UPDATE_VIEW: SignDocumentsState(mobileNumber: Optional("+49 111 222 333"), state: IdentHubSDKQES.SignDocumentsState.State.requestingCode, newCodeRemainingTime: 2, transactionId: nil)
UPDATE_VIEW: SignDocumentsState(mobileNumber: Optional("+49 111 222 333"), state: IdentHubSDKQES.SignDocumentsState.State.codeUnavailable, newCodeRemainingTime: 2, transactionId: nil)
