UPDATE_VIEW: ConfirmApplicationState(hasQuitButton: true, documents: [], hasTermsAndConditionsLink: true)
EVENT: quit()
