UPDATE_VIEW: ConfirmApplicationState(hasQuitButton: true, documents: [], hasTermsAndConditionsLink: true)
EVENT: loadDocuments
SERVICE: VerificationServiceSpy.getIdentification(for: "someIdentId", completionHandler:)
API: /person_onboarding/identifications/someIdentId: OK
UPDATE_VIEW: ConfirmApplicationState(hasQuitButton: true, documents: [LoadableDocument(ContractDocument(someDocumentId), isLoading: false)], hasTermsAndConditionsLink: true)
EVENT: signDocuments
